Archive Project report for eind_opdracht
Sun Jan 24 23:03:50 2021
Quartus Prime Version 18.1.0 Build 625 09/12/2018 SJ Lite Edition


---------------------
; Table of Contents ;
---------------------
  1. Legal Notice
  2. Archive Project Summary
  3. Archive Project Messages
  4. Files Archived



----------------
; Legal Notice ;
----------------
Copyright (C) 2018  Intel Corporation. All rights reserved.
Your use of Intel Corporation's design tools, logic functions 
and other software and tools, and its AMPP partner logic 
functions, and any output files from any of the foregoing 
(including device programming or simulation files), and any 
associated documentation or information are expressly subject 
to the terms and conditions of the Intel Program License 
Subscription Agreement, the Intel Quartus Prime License Agreement,
the Intel FPGA IP License Agreement, or other applicable license
agreement, including, without limitation, that your use is for
the sole purpose of programming logic devices manufactured by
Intel and sold by Intel or its authorized distributors.  Please
refer to the applicable agreement for further details.



+----------------------------------------------------------------+
; Archive Project Summary                                        ;
+------------------------+---------------------------------------+
; Archive Project Status ; Successful - Sun Jan 24 23:03:50 2021 ;
; Revision Name          ; eind_opdracht                         ;
; Top-level Entity Name  ; eind_opdracht                         ;
; Family                 ; Cyclone V                             ;
+------------------------+---------------------------------------+


+--------------------------+
; Archive Project Messages ;
+--------------------------+
Info: File Set 'Custom' contains:
    Info: Automatically detected source files
    Info: Project source and settings files
Warning: Hierarchical Platform Designer systems and custom IP components(_hw.tcl and associated files) are not archived by the Quartus Archiver
Info: Archive will store files relative to the closest common parent directory
Warning (13215): Files to be archived don't share a common directory - creating an archive based on a virtual common directory
Info: ----------------------------------------------------------
Info: ----------------------------------------------------------
Info: Generated archive 'F:/Projects/EmbeddedSystems/ESE01/eind_opdracht/eind_opdracht.qar'
Info: ----------------------------------------------------------
Info: ----------------------------------------------------------
Info: Generated report 'eind_opdracht.archive.rpt'
Info (23030): Evaluation of Tcl script c:/intelfpga_lite/18.1/quartus/common/tcl/apps/qpm/qar.tcl was successful
Info: Quartus Prime Shell was successful. 0 errors, 3 warnings
    Info: Peak virtual memory: 4855 megabytes
    Info: Processing ended: Sun Jan 24 23:03:50 2021
    Info: Elapsed time: 00:00:05
    Info: Total CPU time (on all processors): 00:00:04


+-----------------------------------------------------------------------------------------------------------------------+
; Files Archived                                                                                                        ;
+-----------------------------------------------------------------------------------------------------------------------+
; File Name                                                                                                             ;
+-----------------------------------------------------------------------------------------------------------------------+
; c:/intelfpga_lite/18.1/quartus/bin64/assignment_defaults.qdf                                                          ;
; D:/Downloads/DE1_SoC.qsf                                                                                              ;
; eind_opdracht.qpf                                                                                                     ;
; eind_opdracht.qsf                                                                                                     ;
; eind_opdracht.vhd                                                                                                     ;
; eind_opdracht_design/synthesis/../../eind_opdracht_design.qsys                                                        ;
; eind_opdracht_design/synthesis/../../eind_opdracht_design.sopcinfo                                                    ;
; eind_opdracht_design/synthesis/../eind_opdracht_design.cmp                                                            ;
; eind_opdracht_design/synthesis/eind_opdracht_design.debuginfo                                                         ;
; eind_opdracht_design/synthesis/eind_opdracht_design.qip                                                               ;
; eind_opdracht_design/synthesis/eind_opdracht_design.regmap                                                            ;
; eind_opdracht_design/synthesis/eind_opdracht_design.v                                                                 ;
; eind_opdracht_design/synthesis/eind_opdracht_design_hps_0_hps.svd                                                     ;
; eind_opdracht_design/synthesis/submodules/altdq_dqs2_acv_connect_to_hard_phy_cyclonev.sv                              ;
; eind_opdracht_design/synthesis/submodules/altera_avalon_sc_fifo.v                                                     ;
; eind_opdracht_design/synthesis/submodules/altera_avalon_st_pipeline_base.v                                            ;
; eind_opdracht_design/synthesis/submodules/altera_avalon_st_pipeline_stage.sv                                          ;
; eind_opdracht_design/synthesis/submodules/altera_default_burst_converter.sv                                           ;
; eind_opdracht_design/synthesis/submodules/altera_incr_burst_converter.sv                                              ;
; eind_opdracht_design/synthesis/submodules/altera_mem_if_dll_cyclonev.sv                                               ;
; eind_opdracht_design/synthesis/submodules/altera_mem_if_hard_memory_controller_top_cyclonev.sv                        ;
; eind_opdracht_design/synthesis/submodules/altera_mem_if_hhp_qseq_synth_top.v                                          ;
; eind_opdracht_design/synthesis/submodules/altera_mem_if_oct_cyclonev.sv                                               ;
; eind_opdracht_design/synthesis/submodules/altera_merlin_address_alignment.sv                                          ;
; eind_opdracht_design/synthesis/submodules/altera_merlin_arbitrator.sv                                                 ;
; eind_opdracht_design/synthesis/submodules/altera_merlin_axi_master_ni.sv                                              ;
; eind_opdracht_design/synthesis/submodules/altera_merlin_burst_adapter.sv                                              ;
; eind_opdracht_design/synthesis/submodules/altera_merlin_burst_adapter_13_1.sv                                         ;
; eind_opdracht_design/synthesis/submodules/altera_merlin_burst_adapter_new.sv                                          ;
; eind_opdracht_design/synthesis/submodules/altera_merlin_burst_adapter_uncmpr.sv                                       ;
; eind_opdracht_design/synthesis/submodules/altera_merlin_burst_uncompressor.sv                                         ;
; eind_opdracht_design/synthesis/submodules/altera_merlin_reorder_memory.sv                                             ;
; eind_opdracht_design/synthesis/submodules/altera_merlin_slave_agent.sv                                                ;
; eind_opdracht_design/synthesis/submodules/altera_merlin_slave_translator.sv                                           ;
; eind_opdracht_design/synthesis/submodules/altera_merlin_traffic_limiter.sv                                            ;
; eind_opdracht_design/synthesis/submodules/altera_reset_controller.sdc                                                 ;
; eind_opdracht_design/synthesis/submodules/altera_reset_controller.v                                                   ;
; eind_opdracht_design/synthesis/submodules/altera_reset_synchronizer.v                                                 ;
; eind_opdracht_design/synthesis/submodules/altera_wrap_burst_converter.sv                                              ;
; eind_opdracht_design/synthesis/submodules/eind_opdracht_design_hps_0.v                                                ;
; eind_opdracht_design/synthesis/submodules/eind_opdracht_design_hps_0_fpga_interfaces.sv                               ;
; eind_opdracht_design/synthesis/submodules/eind_opdracht_design_hps_0_hps_io.v                                         ;
; eind_opdracht_design/synthesis/submodules/eind_opdracht_design_hps_0_hps_io_border.sdc                                ;
; eind_opdracht_design/synthesis/submodules/eind_opdracht_design_hps_0_hps_io_border.sv                                 ;
; eind_opdracht_design/synthesis/submodules/eind_opdracht_design_irq_mapper.sv                                          ;
; eind_opdracht_design/synthesis/submodules/eind_opdracht_design_irq_mapper_001.sv                                      ;
; eind_opdracht_design/synthesis/submodules/eind_opdracht_design_mm_interconnect_0.v                                    ;
; eind_opdracht_design/synthesis/submodules/eind_opdracht_design_mm_interconnect_0_avalon_st_adapter.v                  ;
; eind_opdracht_design/synthesis/submodules/eind_opdracht_design_mm_interconnect_0_avalon_st_adapter_error_adapter_0.sv ;
; eind_opdracht_design/synthesis/submodules/eind_opdracht_design_mm_interconnect_0_cmd_demux.sv                         ;
; eind_opdracht_design/synthesis/submodules/eind_opdracht_design_mm_interconnect_0_cmd_mux.sv                           ;
; eind_opdracht_design/synthesis/submodules/eind_opdracht_design_mm_interconnect_0_router.sv                            ;
; eind_opdracht_design/synthesis/submodules/eind_opdracht_design_mm_interconnect_0_router_002.sv                        ;
; eind_opdracht_design/synthesis/submodules/eind_opdracht_design_mm_interconnect_0_rsp_demux.sv                         ;
; eind_opdracht_design/synthesis/submodules/eind_opdracht_design_mm_interconnect_0_rsp_mux.sv                           ;
; eind_opdracht_design/synthesis/submodules/eind_opdracht_design_pio_hex.v                                              ;
; eind_opdracht_design/synthesis/submodules/eind_opdracht_design_pio_keys.v                                             ;
; eind_opdracht_design/synthesis/submodules/eind_opdracht_design_pio_leds.v                                             ;
; eind_opdracht_design/synthesis/submodules/hps.pre.xml                                                                 ;
; eind_opdracht_design/synthesis/submodules/hps_AC_ROM.hex                                                              ;
; eind_opdracht_design/synthesis/submodules/hps_inst_ROM.hex                                                            ;
; eind_opdracht_design/synthesis/submodules/hps_sdram.v                                                                 ;
; eind_opdracht_design/synthesis/submodules/hps_sdram_p0.ppf                                                            ;
; eind_opdracht_design/synthesis/submodules/hps_sdram_p0.sdc                                                            ;
; eind_opdracht_design/synthesis/submodules/hps_sdram_p0.sv                                                             ;
; eind_opdracht_design/synthesis/submodules/hps_sdram_p0_acv_hard_addr_cmd_pads.v                                       ;
; eind_opdracht_design/synthesis/submodules/hps_sdram_p0_acv_hard_io_pads.v                                             ;
; eind_opdracht_design/synthesis/submodules/hps_sdram_p0_acv_hard_memphy.v                                              ;
; eind_opdracht_design/synthesis/submodules/hps_sdram_p0_acv_ldc.v                                                      ;
; eind_opdracht_design/synthesis/submodules/hps_sdram_p0_altdqdqs.v                                                     ;
; eind_opdracht_design/synthesis/submodules/hps_sdram_p0_clock_pair_generator.v                                         ;
; eind_opdracht_design/synthesis/submodules/hps_sdram_p0_generic_ddio.v                                                 ;
; eind_opdracht_design/synthesis/submodules/hps_sdram_p0_iss_probe.v                                                    ;
; eind_opdracht_design/synthesis/submodules/hps_sdram_p0_parameters.tcl                                                 ;
; eind_opdracht_design/synthesis/submodules/hps_sdram_p0_phy_csr.sv                                                     ;
; eind_opdracht_design/synthesis/submodules/hps_sdram_p0_pin_assignments.tcl                                            ;
; eind_opdracht_design/synthesis/submodules/hps_sdram_p0_pin_map.tcl                                                    ;
; eind_opdracht_design/synthesis/submodules/hps_sdram_p0_report_timing.tcl                                              ;
; eind_opdracht_design/synthesis/submodules/hps_sdram_p0_report_timing_core.tcl                                         ;
; eind_opdracht_design/synthesis/submodules/hps_sdram_p0_reset.v                                                        ;
; eind_opdracht_design/synthesis/submodules/hps_sdram_p0_reset_sync.v                                                   ;
; eind_opdracht_design/synthesis/submodules/hps_sdram_p0_timing.tcl                                                     ;
; eind_opdracht_design/synthesis/submodules/hps_sdram_pll.sv                                                            ;
; eind_opdracht_design/synthesis/submodules/sequencer/alt_types.pre.h                                                   ;
; eind_opdracht_design/synthesis/submodules/sequencer/emif.pre.xml                                                      ;
; eind_opdracht_design/synthesis/submodules/sequencer/sdram_io.pre.h                                                    ;
; eind_opdracht_design/synthesis/submodules/sequencer/sequencer.pre.c                                                   ;
; eind_opdracht_design/synthesis/submodules/sequencer/sequencer.pre.h                                                   ;
; eind_opdracht_design/synthesis/submodules/sequencer/sequencer_auto.pre.h                                              ;
; eind_opdracht_design/synthesis/submodules/sequencer/sequencer_auto_ac_init.pre.c                                      ;
; eind_opdracht_design/synthesis/submodules/sequencer/sequencer_auto_inst_init.pre.c                                    ;
; eind_opdracht_design/synthesis/submodules/sequencer/sequencer_defines.pre.h                                           ;
; eind_opdracht_design/synthesis/submodules/sequencer/system.pre.h                                                      ;
; eind_opdracht_design/synthesis/submodules/sequencer/tclrpt.pre.c                                                      ;
; eind_opdracht_design/synthesis/submodules/sequencer/tclrpt.pre.h                                                      ;
; linux/soc_system.rbf                                                                                                  ;
; linux/socfpga.dtb                                                                                                     ;
; software/address_map_arm.h                                                                                            ;
; software/CSC10_eindopdracht_hps.amp                                                                                   ;
; software/DE1-SoC_bordje_CSC10.qprs                                                                                    ;
; software/makefile                                                                                                     ;
; software/sketcher.axf                                                                                                 ;
; software/sketcher.axf.objdump                                                                                         ;
; software/sketcher.c                                                                                                   ;
; software/sketcher.c.o                                                                                                 ;
; software/sketcher.srec                                                                                                ;
+-----------------------------------------------------------------------------------------------------------------------+


