Info: Starting: Create HDL design files for synthesis
Info: qsys-generate F:\Projects\EmbeddedSystems\ESE01\eind_opdracht\eind_opdracht_design.qsys --synthesis=VERILOG --output-directory=F:\Projects\EmbeddedSystems\ESE01\eind_opdracht\eind_opdracht_design\synthesis --family="Cyclone V" --part=5CSEMA5F31C6
Progress: Loading eind_opdracht/eind_opdracht_design.qsys
Progress: Reading input file
Progress: Adding clk_0 [clock_source 18.1]
Progress: Parameterizing module clk_0
Progress: Adding hps_0 [altera_hps 18.1]
Progress: Parameterizing module hps_0
Progress: Adding pio_hex [altera_avalon_pio 18.1]
Progress: Parameterizing module pio_hex
Progress: Adding pio_keys [altera_avalon_pio 18.1]
Progress: Parameterizing module pio_keys
Progress: Adding pio_leds [altera_avalon_pio 18.1]
Progress: Parameterizing module pio_leds
Progress: Adding pio_switches [altera_avalon_pio 18.1]
Progress: Parameterizing module pio_switches
Progress: Building connections
Progress: Parameterizing connections
Progress: Validating
Progress: Done reading input file
Info: eind_opdracht_design.hps_0: HPS Main PLL counter settings: n = 0  m = 73
Info: eind_opdracht_design.hps_0: HPS peripherial PLL counter settings: n = 0  m = 39
Warning: eind_opdracht_design.hps_0: "Configuration/HPS-to-FPGA user 0 clock frequency" (desired_cfg_clk_mhz) requested 100.0 MHz, but only achieved 97.368421 MHz
Warning: eind_opdracht_design.hps_0: "QSPI clock frequency" (desired_qspi_clk_mhz) requested 400.0 MHz, but only achieved 370.0 MHz
Warning: eind_opdracht_design.hps_0: 1 or more output clock frequencies cannot be achieved precisely, consider revising desired output clock frequencies.
Info: eind_opdracht_design.pio_keys: PIO inputs are not hardwired in test bench. Undefined values will be read from PIO inputs during simulation.
Info: eind_opdracht_design.pio_switches: PIO inputs are not hardwired in test bench. Undefined values will be read from PIO inputs during simulation.
Info: eind_opdracht_design: Generating eind_opdracht_design "eind_opdracht_design" for QUARTUS_SYNTH
Warning: hps_0.f2h_irq0: Cannot connect clock for irq_mapper.sender
Warning: hps_0.f2h_irq0: Cannot connect reset for irq_mapper.sender
Warning: hps_0.f2h_irq1: Cannot connect clock for irq_mapper_001.sender
Warning: hps_0.f2h_irq1: Cannot connect reset for irq_mapper_001.sender
Info: hps_0: "Running  for module: hps_0"
Info: hps_0: HPS Main PLL counter settings: n = 0  m = 73
Info: hps_0: HPS peripherial PLL counter settings: n = 0  m = 39
Warning: hps_0: "Configuration/HPS-to-FPGA user 0 clock frequency" (desired_cfg_clk_mhz) requested 100.0 MHz, but only achieved 97.368421 MHz
Warning: hps_0: "QSPI clock frequency" (desired_qspi_clk_mhz) requested 400.0 MHz, but only achieved 370.0 MHz
Warning: hps_0: 1 or more output clock frequencies cannot be achieved precisely, consider revising desired output clock frequencies.
Info: hps_0: "eind_opdracht_design" instantiated altera_hps "hps_0"
Info: pio_hex: Starting RTL generation for module 'eind_opdracht_design_pio_hex'
Info: pio_hex:   Generation command is [exec C:/intelfpga_lite/18.1/quartus/bin64/perl/bin/perl.exe -I C:/intelfpga_lite/18.1/quartus/bin64/perl/lib -I C:/intelfpga_lite/18.1/quartus/sopc_builder/bin/europa -I C:/intelfpga_lite/18.1/quartus/sopc_builder/bin/perl_lib -I C:/intelfpga_lite/18.1/quartus/sopc_builder/bin -I C:/intelfpga_lite/18.1/quartus/../ip/altera/sopc_builder_ip/common -I C:/intelfpga_lite/18.1/quartus/../ip/altera/sopc_builder_ip/altera_avalon_pio -- C:/intelfpga_lite/18.1/quartus/../ip/altera/sopc_builder_ip/altera_avalon_pio/generate_rtl.pl --name=eind_opdracht_design_pio_hex --dir=C:/Users/MARKST~1/AppData/Local/Temp/alt8649_4473284912901836972.dir/0002_pio_hex_gen/ --quartus_dir=C:/intelfpga_lite/18.1/quartus --verilog --config=C:/Users/MARKST~1/AppData/Local/Temp/alt8649_4473284912901836972.dir/0002_pio_hex_gen//eind_opdracht_design_pio_hex_component_configuration.pl  --do_build_sim=0  ]
Info: pio_hex: Done RTL generation for module 'eind_opdracht_design_pio_hex'
Info: pio_hex: "eind_opdracht_design" instantiated altera_avalon_pio "pio_hex"
Info: pio_keys: Starting RTL generation for module 'eind_opdracht_design_pio_keys'
Info: pio_keys:   Generation command is [exec C:/intelfpga_lite/18.1/quartus/bin64/perl/bin/perl.exe -I C:/intelfpga_lite/18.1/quartus/bin64/perl/lib -I C:/intelfpga_lite/18.1/quartus/sopc_builder/bin/europa -I C:/intelfpga_lite/18.1/quartus/sopc_builder/bin/perl_lib -I C:/intelfpga_lite/18.1/quartus/sopc_builder/bin -I C:/intelfpga_lite/18.1/quartus/../ip/altera/sopc_builder_ip/common -I C:/intelfpga_lite/18.1/quartus/../ip/altera/sopc_builder_ip/altera_avalon_pio -- C:/intelfpga_lite/18.1/quartus/../ip/altera/sopc_builder_ip/altera_avalon_pio/generate_rtl.pl --name=eind_opdracht_design_pio_keys --dir=C:/Users/MARKST~1/AppData/Local/Temp/alt8649_4473284912901836972.dir/0003_pio_keys_gen/ --quartus_dir=C:/intelfpga_lite/18.1/quartus --verilog --config=C:/Users/MARKST~1/AppData/Local/Temp/alt8649_4473284912901836972.dir/0003_pio_keys_gen//eind_opdracht_design_pio_keys_component_configuration.pl  --do_build_sim=0  ]
Info: pio_keys: Done RTL generation for module 'eind_opdracht_design_pio_keys'
Info: pio_keys: "eind_opdracht_design" instantiated altera_avalon_pio "pio_keys"
Info: pio_leds: Starting RTL generation for module 'eind_opdracht_design_pio_leds'
Info: pio_leds:   Generation command is [exec C:/intelfpga_lite/18.1/quartus/bin64/perl/bin/perl.exe -I C:/intelfpga_lite/18.1/quartus/bin64/perl/lib -I C:/intelfpga_lite/18.1/quartus/sopc_builder/bin/europa -I C:/intelfpga_lite/18.1/quartus/sopc_builder/bin/perl_lib -I C:/intelfpga_lite/18.1/quartus/sopc_builder/bin -I C:/intelfpga_lite/18.1/quartus/../ip/altera/sopc_builder_ip/common -I C:/intelfpga_lite/18.1/quartus/../ip/altera/sopc_builder_ip/altera_avalon_pio -- C:/intelfpga_lite/18.1/quartus/../ip/altera/sopc_builder_ip/altera_avalon_pio/generate_rtl.pl --name=eind_opdracht_design_pio_leds --dir=C:/Users/MARKST~1/AppData/Local/Temp/alt8649_4473284912901836972.dir/0004_pio_leds_gen/ --quartus_dir=C:/intelfpga_lite/18.1/quartus --verilog --config=C:/Users/MARKST~1/AppData/Local/Temp/alt8649_4473284912901836972.dir/0004_pio_leds_gen//eind_opdracht_design_pio_leds_component_configuration.pl  --do_build_sim=0  ]
Info: pio_leds: Done RTL generation for module 'eind_opdracht_design_pio_leds'
Info: pio_leds: "eind_opdracht_design" instantiated altera_avalon_pio "pio_leds"
Info: avalon_st_adapter: Inserting error_adapter: error_adapter_0
Info: avalon_st_adapter_001: Inserting error_adapter: error_adapter_0
Info: avalon_st_adapter_002: Inserting error_adapter: error_adapter_0
Info: avalon_st_adapter_003: Inserting error_adapter: error_adapter_0
Info: mm_interconnect_0: "eind_opdracht_design" instantiated altera_mm_interconnect "mm_interconnect_0"
Info: irq_mapper: "eind_opdracht_design" instantiated altera_irq_mapper "irq_mapper"
Info: irq_mapper_001: "eind_opdracht_design" instantiated altera_irq_mapper "irq_mapper_001"
Info: rst_controller: "eind_opdracht_design" instantiated altera_reset_controller "rst_controller"
Info: fpga_interfaces: "hps_0" instantiated altera_interface_generator "fpga_interfaces"
Info: hps_io: "hps_0" instantiated altera_hps_io "hps_io"
Info: pio_keys_s1_translator: "mm_interconnect_0" instantiated altera_merlin_slave_translator "pio_keys_s1_translator"
Info: hps_0_h2f_lw_axi_master_agent: "mm_interconnect_0" instantiated altera_merlin_axi_master_ni "hps_0_h2f_lw_axi_master_agent"
Info: pio_keys_s1_agent: "mm_interconnect_0" instantiated altera_merlin_slave_agent "pio_keys_s1_agent"
Info: pio_keys_s1_agent_rsp_fifo: "mm_interconnect_0" instantiated altera_avalon_sc_fifo "pio_keys_s1_agent_rsp_fifo"
Info: router: "mm_interconnect_0" instantiated altera_merlin_router "router"
Info: router_002: "mm_interconnect_0" instantiated altera_merlin_router "router_002"
Info: hps_0_h2f_lw_axi_master_wr_limiter: "mm_interconnect_0" instantiated altera_merlin_traffic_limiter "hps_0_h2f_lw_axi_master_wr_limiter"
Info: Reusing file F:/Projects/EmbeddedSystems/ESE01/eind_opdracht/eind_opdracht_design/synthesis/submodules/altera_avalon_sc_fifo.v
Info: pio_keys_s1_burst_adapter: "mm_interconnect_0" instantiated altera_merlin_burst_adapter "pio_keys_s1_burst_adapter"
Info: Reusing file F:/Projects/EmbeddedSystems/ESE01/eind_opdracht/eind_opdracht_design/synthesis/submodules/altera_merlin_address_alignment.sv
Info: Reusing file F:/Projects/EmbeddedSystems/ESE01/eind_opdracht/eind_opdracht_design/synthesis/submodules/altera_avalon_st_pipeline_base.v
Info: cmd_demux: "mm_interconnect_0" instantiated altera_merlin_demultiplexer "cmd_demux"
Info: cmd_mux: "mm_interconnect_0" instantiated altera_merlin_multiplexer "cmd_mux"
Info: rsp_demux: "mm_interconnect_0" instantiated altera_merlin_demultiplexer "rsp_demux"
Info: rsp_mux: "mm_interconnect_0" instantiated altera_merlin_multiplexer "rsp_mux"
Info: Reusing file F:/Projects/EmbeddedSystems/ESE01/eind_opdracht/eind_opdracht_design/synthesis/submodules/altera_merlin_arbitrator.sv
Info: avalon_st_adapter: "mm_interconnect_0" instantiated altera_avalon_st_adapter "avalon_st_adapter"
Info: border: "hps_io" instantiated altera_interface_generator "border"
Info: error_adapter_0: "avalon_st_adapter" instantiated error_adapter "error_adapter_0"
Info: eind_opdracht_design: Done "eind_opdracht_design" with 26 modules, 83 files
Info: qsys-generate succeeded.
Info: Finished: Create HDL design files for synthesis
